╭─ * Notty ────────────────╮╭─ 001 ────────────────────────────────────────────╮
│  P I N N E D             ││                                                  │
│  ^ Standup notes         ││                                                  │
│                          ││                                                  │
│  N O T E S               ││                                                  │
│  > Personal              ││                                                  │
│  v Work                  ││                                                  │
│    - Standup notes       ││                                                  │
│  - ideas                 ││                                                  │
│                          ││                                                  │
│  T A G S                 ││                                                  │
│   #design 1   #life 1    ││        No note open · tab to browse notes        │
│   #todo 1                ││ ╭──────────────────────────────────────────────╮ │
│                          ││ │ i Saved Standup notes                        │ │
│  [ ] Tasks (1)           ││ ╰──────────────────────────────────────────────╯ │
│  x   Trash (0)           ││ ╭──────────────────────────────────────────────╮ │
│                          ││ │ ! Could not reach GitHub, will retry         │ │
│                          ││ ╰──────────────────────────────────────────────╯ │
│                          ││ ╭──────────────────────────────────────────────╮ │
│                          ││ │ x Disk full: the note was not saved          │ │
│                          ││ │   esc to dismiss                             │ │
│                          ││ ╰──────────────────────────────────────────────╯ │
╰──────────────────────────╯╰──────────────────────────────────────────────────╯
 NORMAL                                                                 F1 help 