╭─ ◆ Notty ────────────────╮╭─ Work / Standup notes ───────────────────────────╮
│  PINNED                  ││ # Standup notes                                  │
│  ★ Standup notes         ││                                                  │
│                          ││ - shipped **auth** flow                          │
│  NOTES╭──────────────────────────────────────────────────────────────╮       │
│  ▸ Per│ Find note                                                    │       │
│  ▾ Wor│ › ▏                                                          │       │
│    • S│ Recent                                                       │       │
│  • ide│ Standup notes             │                                  │       │
│       │  Work/Standup notes.md    │ Standup notes                    │       │
│  TAGS │                           │                                  │       │
│   #des│                           │• shipped auth flow               │       │
│   #tod│                           │☐ follow up with #design          │       │
│       │                           │☑ review the PR #todo             │       │
│  ☐ Tas│                           │                                  │       │
│  ⌫ Tra│                           ││ Keep it short.                  │       │
│       │                           │                                  │       │
│       │                           │## Next                           │       │
│       │ enter open · esc close · ctrl+j/k move                       │       │
│       ╰──────────────────────────────────────────────────────────────╯       │
│                          ││                                                  │
│                          ││                                                  │
╰──────────────────────────╯╰──────────────────────────────────────────────────╯
 NORMAL  Work/Standup notes.md · 30 words                               F1 help 