╭─ ◆ Notty ────────────────╮╭─ Work / Standup notes ───────────────────────────────────────────────────────────────────╮
│  PINNED                  ││ # Standup notes                                                                          │
│  ★ Standup notes         ││                                                                                          │
│                          ││ - shipped **auth** flow                                                                  │
│  NOTES                   ││ ☐ follow up with #design                                                                 │
│  ▸ Personal              ││ ☑ review the PR #todo                                                                    │
│  ▾ Work   ╭──────────────────────────────────────────────────────────────────────────────────────────────╮           │
│    • Stand│ Find note                                                                                    │           │
│  • ideas  │ › ▏                                                                                          │           │
│           │ Recent                                                                                       │           │
│  TAGS     │ Standup notes                            │                                                   │           │
│   #design │  Work/Standup notes.md                   │ Standup notes                                     │           │
│   #todo 1 │                                          │                                                   │           │
│           │                                          │• shipped auth flow                                │           │
│  ☐ Tasks (│                                          │☐ follow up with #design                           │           │
│  ⌫ Trash (│                                          │☑ review the PR #todo                              │           │
│           │                                          │                                                   │           │
│           │                                          ││ Keep it short.                                   │           │
│           │                                          │                                                   │           │
│           │                                          │## Next                                            │           │
│           │                                          │                                                   │           │
│           │                                          │Plan the sprint demo.                              │           │
│           │                                          │                                                   │           │
│           │                                          │                                                   │           │
│           │                                          │                                                   │           │
│           │                                          │                                                   │           │
│           │                                          │                                                   │           │
│           │                                          │                                                   │           │
│           │                                          │                                                   │           │
│           │                                          │                                                   │           │
│           │                                          │                                                   │           │
│           │                                          │                                                   │           │
│           │ enter open · esc close · ctrl+j/k move                                                       │           │
│           ╰──────────────────────────────────────────────────────────────────────────────────────────────╯           │
│                          ││                                                                                          │
│                          ││                                                                                          │
│                          ││                                                                                          │
│                          ││                                                                                          │
╰──────────────────────────╯╰──────────────────────────────────────────────────────────────────────────────────────────╯
 NORMAL  Work/Standup notes.md · 30 words                                                                       F1 help 