╭─ ◆ Notty ────────────────╮╭─ Work / Standup notes ───────────────────────────╮
│  P I N N E D             ││ # Standup notes                                  │
│  ★╭──────────────────────────────────────────────────────────────────────╮   │
│   │                                                                      │   │
│  N│  Keyboard shortcuts  j/k scroll · esc close                          │   │
│  ▸│                                                                      │   │
│  ▾│  G L O B A L                                                         │   │
│   │  ctrl+p fuzzy finder                                                 │   │
│  •│  ctrl+f full-text search                                             │   │
│   │  ctrl+k command palette                                              │   │
│  T│  ctrl+b toggle sidebar (zen layout)                                  │   │
│   │  ctrl+g cycle editor / split / preview                               │   │
│   │  ctrl+s save                                                         │   │
│   │  ctrl+e open note in $EDITOR                                         │   │
│  ☐│  ctrl+q quit                                                         │   │
│  ⌫│  F1     help                                                         │   │
│   │                                                                      │   │
│   │  S I D E B A R                                                       │   │
│   │  j/↓   move down                                                     │   │
│   │  k/↑   move up                                                       │   │
│   │                                                                      │   │
│   ╰──────────────────────────────────────────────────────────────────────╯   │
╰──────────────────────────╯╰──────────────────────────────────────────────────╯
 NORMAL  Work/Standup notes.md · 30 words                               F1 help 