History · ideas.md                                                    
2026-09-20 09:30  laptop  +…│                                         
2026-09-20 09:30  laptop  +…│ Ideas                                   
2026-09-20 09:30  laptop  +…│                                         
                            │third version                            
                            │                                         
                            │                                         
                            │                                         
                            │                                         
                            │                                         
                            │                                         
                            │                                         
                            │                                         
                            │                                         
                            │                                         
                            │                                         
                            │                                         
                            │                                         
                            │                                         
                            │                                         
                            │                                         
                            │                                         
                            │                                         
tab rendered/diff · enter restore · esc close                         