╭─ History · ideas.md ─────────────╮╭─ 2026-09-20 09:30 · laptop ─── rendered ─╮
│ 2026-09-20 09:30  laptop  +1 −1  ││                                          │
│ 2026-09-20 09:30  laptop  +1 −1  ││  Ideas                                   │
│ 2026-09-20 09:30  laptop  +3 −0  ││                                          │
│                                  ││ third version                            │
│                                  ││                                          │
│                                  ││                                          │
│                                  ││                                          │
│                                  ││                                          │
│                                  ││                                          │
│                                  ││                                          │
│                                  ││                                          │
│                                  ││                                          │
│                                  ││                                          │
│                                  ││                                          │
│                                  ││                                          │
│                                  ││                                          │
│                                  ││                                          │
│                                  ││                                          │
│                                  ││                                          │
│                                  ││                                          │
│                                  ││                                          │
╰──────────────────────────────────╯╰──────────────────────────────────────────╯
 tab rendered/diff · enter restore · esc close                                  