╭─ ◆ Notty ────────────────╮╭─ Work / Standup notes ───────────────────────────────────────────────────────────────────╮
│  PINNED                  ││ # Standup notes                                                                          │
│  ★ Standup notes         ││                                                                                          │
│                          ││ - shipped **auth** flow                                                                  │
│  NOTES                   ││ ☐ follow up with #design                                                                 │
│  ▸ Personal              ││ ☑ review the PR #todo                                                                    │
│  ▾ Work                  ││                                                                                          │
│    • Standup notes       ││ ▎ Keep it short.                                                                         │
│  • ideas                 ││                                                                                          │
│                          ││ ## Next                                                                                  │
│  TAGS                    ││                                                                                          │
│   #design 1   #life 1    ││ Plan the *sprint* demo.                                                                  │
│   #todo 1                ││                                                                                          │
│                          ││                                                                                          │
│  ☐ Tasks (1)             ││                                                                                          │
│  ⌫ Trash (0)             ││                                                                                          │
│                          ││                                                                                          │
│                          ││                                                                                          │
│                          ││                                                                                          │
│                          ││                                                                                          │
│                          ││                                                                                          │
│                          ││                                                                                          │
│                          ││                                                                                          │
│                          ││                                                                                          │
│                          ││                                                                                          │
│                          ││                                                                                          │
│                          ││                                                                                          │
│                          ││                                                                                          │
│                          ││                                                                                          │
│                          ││                                                                                          │
│                          ││                                                                                          │
│                          ││                                                                                          │
│                          ││                                                                                          │
│                          ││                                                                                          │
│                          ││                                                                                          │
│                          ││                                                                                          │
│                          ││                                                                                          │
│                          ││                                                                                          │
╰──────────────────────────╯╰──────────────────────────────────────────────────────────────────────────────────────────╯
 NORMAL  Work/Standup notes.md · 30 words                                                                       F1 help 