╭─ ◆ Notty ────────────────╮╭─ Work / Standup notes ───────────────────────────╮
│  P I N N E D             ││ # Standup notes ▰▰▰▱▱ 1/2                        │
│  ★ Standup notes         ││                                                  │
│                          ││ - shipped **auth** flow                          │
│  N O T E S               ││ ☐ follow up with #design                         │
│  ▸ Personal              ││ ☑ review the PR #todo                            │
│  ▾ Work                  ││                                                  │
│    • Standup notes       ││ ▎ Keep it short.                                 │
│  • ideas                 ││                                                  │
│                          ││ ## Next                                          │
│  T A G S                 ││                                                  │
│   #design 1   #life 1    ││ Plan the *sprint* demo.                          │
│   #todo 1                ││                                                  │
│                          ││                                                  │
│  ☐ Tasks (1)             ││                                                  │
│  ⌫ Trash (0)             ││                                                  │
│                          ││                                                  │
│                          ││                                                  │
│                          ││                                                  │
│                          ││                                                  │
│                          ││                                                  │
│                          ││                                                  │
╰──────────────────────────╯╰──────────────────────────────────────────────────╯
 NORMAL  Work/Standup notes.md · 30 words                               F1 help 