╭─ ◆ Notty ────────────────╮╭─ Work / Standup notes ───────────────────────────╮
│  PINNED                  ││ # Standup notes                                  │
│  ★ Standup notes         ││                                                  │
│                          ││ - shipped **auth** flow                          │
│  NOTES                   ││ ☐ follow up with #design                         │
│  ▸ Perso╭──────────────────────────────────────────────────────────╮         │
│  ▾ Work │                                                          │         │
│    • Sta│  › ▏                                                     │         │
│  • ideas│  New note                                   n · sidebar  │         │
│         │  New folder                                 N · sidebar  │         │
│  TAGS   │  Switch theme                                            │         │
│   #desig│  Toggle vim                                              │         │
│   #todo │  Toggle line numbers                                     │         │
│         │  Sync now                                                │         │
│  ☐ Tasks│  Set up sync                                             │         │
│  ⌫ Trash│  Resolve conflicts                          c · sidebar  │         │
│         │  Open Tasks                                              │         │
│         │                                                          │         │
│         ╰──────────────────────────────────────────────────────────╯         │
│                          ││                                                  │
│                          ││                                                  │
│                          ││                                                  │
╰──────────────────────────╯╰──────────────────────────────────────────────────╯
 NORMAL  Work/Standup notes.md · 30 words                               F1 help 