╭─ ◆ Notty ────────────────╮╭─ Work / Standup notes ───────────────────────────╮
│  P I N N E D             ││ # Standup notes ▰▰▰▱▱ 1/2                        │
│  ★ Standup notes         ││                                                  │
│                          ││ - shipped **auth** flow                          │
│  N O T E S               ││ ☐ follow up with #design                         │
│  ▸ Perso╭──────────────────────────────────────────────────────────╮         │
│  ▾ Work │                                                          │         │
│    • Sta│  › ▏                                                     │         │
│  • ideas│  New note                                   n · sidebar  │         │
│         │  New folder                                 N · sidebar  │         │
│  T A G S│  Move line to note…             alt+m · editor · normal  │         │
│   #desig│  Switch theme                                            │         │
│   #todo │  Toggle vim                                              │         │
│         │  Toggle line numbers                                     │         │
│  ☐ Tasks│  Sync now                                                │         │
│  ⌫ Trash│  Set up sync                                             │         │
│         │  Resolve conflicts                          c · sidebar  │         │
│         │                                                          │         │
│         ╰──────────────────────────────────────────────────────────╯         │
│                          ││                                                  │
│                          ││                                                  │
│                          ││                                                  │
╰──────────────────────────╯╰──────────────────────────────────────────────────╯
 NORMAL  Work/Standup notes.md · 30 words                               F1 help 