╭─ Work / Standup notes ─────────────────────────────────────────────╮
│ # Standup notes ▰▰▰▱▱ 1/2                                          │
│                                                                    │
│ - shipped **auth** flow                                            │
│ ☐ follow up with #design                                           │
│ ☑ r╭──────────────────────────────────────────────────────────╮    │
│    │                                                          │    │
│ ▎ K│  › ▏                                                     │    │
│    │  New note                                   n · sidebar  │    │
│ ## │  New folder                                 N · sidebar  │    │
│    │  Move line to note…             alt+m · editor · normal  │    │
│ Pla│  Switch theme                                            │    │
│    │  Toggle vim                                              │    │
│    │  Toggle line numbers                                     │    │
│    │  Sync now                                                │    │
│    │  Set up sync                                             │    │
│    │  Resolve conflicts                          c · sidebar  │    │
│    │                                                          │    │
│    ╰──────────────────────────────────────────────────────────╯    │
│                                                                    │
│                                                                    │
│                                                                    │
╰────────────────────────────────────────────────────────────────────╯
 NORMAL  Work/Standup notes.md · 30 words                     F1 help 