╭─ ◆ Notty ────────────────╮╭─ Work / Standup notes ───────────────────────────────────────────────────────────────────╮
│  P I N N E D             ││ # Standup notes                                                                          │
│  ★ Standup notes         ││                                                                                          │
│                          ││ - shipped **auth** flow                                                                  │
│  N O T E S               ││ ☐ follow up with #design                                                                 │
│  ▸ Personal              ││ ☑ review the PR #todo                                                                    │
│  ▾ Work                  ││                                                                                          │
│    • Standup notes       ││ ▎ Keep it short.                                                                         │
│  • ideas                 ││                                                                                          │
│                          ││ ## Next                                                                                  │
│  T A G S                 ││ ╭──────────────────────────────────────────────────────────╮                             │
│   #design 1   #life 1    ││ │                                                          │                             │
│   #todo 1                ││ │  › ▏                                                     │                             │
│                          ││ │  New note                                   n · sidebar  │                             │
│  ☐ Tasks (1)             ││ │  New folder                                 N · sidebar  │                             │
│  ⌫ Trash (0)             ││ │  Switch theme                                            │                             │
│                          ││ │  Toggle vim                                              │                             │
│                          ││ │  Toggle line numbers                                     │                             │
│                          ││ │  Sync now                                                │                             │
│                          ││ │  Set up sync                                             │                             │
│                          ││ │  Resolve conflicts                          c · sidebar  │                             │
│                          ││ │  Open Tasks                                              │                             │
│                          ││ │  Open Trash                                              │                             │
│                          ││ │  Clean unused attachments                                │                             │
│                          ││ │  Error log                                  ! · sidebar  │                             │
│                          ││ │  Open config                                             │                             │
│                          ││ │  Help                                                F1  │                             │
│                          ││ │  Quit                                            ctrl+q  │                             │
│                          ││ │                                                          │                             │
│                          ││ ╰──────────────────────────────────────────────────────────╯                             │
│                          ││                                                                                          │
│                          ││                                                                                          │
│                          ││                                                                                          │
│                          ││                                                                                          │
│                          ││                                                                                          │
│                          ││                                                                                          │
│                          ││                                                                                          │
│                          ││                                                                                          │
╰──────────────────────────╯╰──────────────────────────────────────────────────────────────────────────────────────────╯
 NORMAL  Work/Standup notes.md · 30 words                                                                       F1 help 