╭─ Conflicts ───╮╭─ README.md ───────────────────────────────────────╮
│ 0 of 1 resolve││ 0 of 1 conflicts resolved                         │
│ ● ≡ README.md ││ Result  tab: Yours › Theirs                       │
│               ││  # Notes                                          │
│               ││▌ ⟨unresolved: o/t/b/e⟩                            │
│               ││                                                   │
│               ││                                                   │
│               ││                                                   │
│               ││                                                   │
│               ││                                                   │
│               ││                                                   │
│               ││                                                   │
│               ││                                                   │
│               ││                                                   │
│               ││                                                   │
│               ││                                                   │
│               ││                                                   │
│               ││                                                   │
│               ││                                                   │
│               ││                                                   │
│               ││                                                   │
│               ││                                                   │
╰───────────────╯╰───────────────────────────────────────────────────╯
 ]c/[c next/prev · o/t/b choose · u unset · e edit · tab column · en… 