╭─ Work / Standup notes ─────────────────────────────────────────────╮
│ # Standup notes                                                    │
│                                                                    │
│ - shipped **auth** flow                                            │
│ ☐ fol╭──────────────────────────────────────────────────────╮      │
│ ☑ rev│ Search                                               │      │
│      │ › sprint▏                                            │      │
│ ▎ Kee│ 1 result                                             │      │
│      │ Work/Standup notes.md:1│                             │      │
│ ## Ne│ Plan the *sprint* demo.│ • shipped auth flow         │      │
│      │                        │ ☐ follow up with #design    │      │
│ Plan │                        │ ☑ review the PR #todo       │      │
│      │                        │                             │      │
│      │                        │ │ Keep it short.            │      │
│      │                        │                             │      │
│      │                        │ ## Next                     │      │
│      │                        │                             │      │
│      │                        │ Plan the sprint demo.       │      │
│      │ enter open · esc close · ctrl+j/k move               │      │
│      ╰──────────────────────────────────────────────────────╯      │
│                                                                    │
│                                                                    │
╰────────────────────────────────────────────────────────────────────╯
 NORMAL  Work/Standup notes.md · 30 words                     F1 help 