╭─ ◆ Notty ────────────────╮╭─ Work / Standup notes ───────────────────────────╮
│  P I N N E D             ││ # Standup notes                                  │
│  ★ Standup notes         ││                                                  │
│                          ││ - shipped **auth** flow                          │
│  N O T╭──────────────────────────────────────────────────────────────╮       │
│  ▸ Per│ Search                                                       │       │
│  ▾ Wor│ › sprint▏                                                    │       │
│    • S│ 1 results                                                    │       │
│  • ide│ Work/Standup notes.md:11  │                                  │       │
│       │ Plan the *sprint* demo.   │• shipped auth flow               │       │
│  T A G│                           │☐ follow up with #design          │       │
│   #des│                           │☑ review the PR #todo             │       │
│   #tod│                           │                                  │       │
│       │                           ││ Keep it short.                  │       │
│  ☐ Tas│                           │                                  │       │
│  ⌫ Tra│                           │## Next                           │       │
│       │                           │                                  │       │
│       │                           │Plan the sprint demo.             │       │
│       │ enter open · esc close · ctrl+j/k move                       │       │
│       ╰──────────────────────────────────────────────────────────────╯       │
│                          ││                                                  │
│                          ││                                                  │
╰──────────────────────────╯╰──────────────────────────────────────────────────╯
 NORMAL  Work/Standup notes.md · 30 words                               F1 help 