╭─ Work / Standup notes ───────────────────────────────────── split ─╮
│ # Standup notes                 │  Standup notes                   │
│                                 │                                  │
│ - shipped **auth** flow         │ • shipped auth flow              │
│ ☐ follow up with #design        │ ☐ follow up with #design         │
│ ☑ review the PR #todo           │ ☑ review the PR #todo            │
│                                 │                                  │
│ ▎ Keep it short.                │ │ Keep it short.                 │
│                                 │                                  │
│ ## Next                         │ ## Next                          │
│                                 │                                  │
│ Plan the *sprint* demo.         │ Plan the sprint demo.            │
│                                 │                                  │
│                                 │                                  │
│                                 │                                  │
│                                 │                                  │
│                                 │                                  │
│                                 │                                  │
│                                 │                                  │
│                                 │                                  │
│                                 │                                  │
│                                 │                                  │
╰────────────────────────────────────────────────────────────────────╯
 NORMAL  Work/Standup notes.md · 30 words                     F1 help 