╭─ ◆ Notty ────────────────╮╭─ Work / Standup notes ─────────────────── split ─╮
│  P I N N E D             ││ # Standup notes ▰▰▰▱▱  │  Standup notes          │
│  ★ Standup notes         ││ 1/2                    │                         │
│                          ││                        │ • shipped auth flow     │
│  N O T E S               ││ - shipped **auth**     │ ☐ follow up with        │
│  ▸ Personal              ││ flow                   │ #design                 │
│  ▾ Work                  ││ ☐ follow up with       │ ☑ review the PR #todo   │
│    • Standup notes       ││ #design                │                         │
│  • ideas                 ││ ☑ review the PR #todo  │ │ Keep it short.        │
│                          ││                        │                         │
│  T A G S                 ││ ▎ Keep it short.       │ ## Next                 │
│   #design 1   #life 1    ││                        │                         │
│   #todo 1                ││ ## Next                │ Plan the sprint demo.   │
│                          ││                        │                         │
│  ☐ Tasks (1)             ││ Plan the *sprint*      │                         │
│  ⌫ Trash (0)             ││ demo.                  │                         │
│                          ││                        │                         │
│                          ││                        │                         │
│                          ││                        │                         │
│                          ││                        │                         │
│                          ││                        │                         │
│                          ││                        │                         │
╰──────────────────────────╯╰──────────────────────────────────────────────────╯
 NORMAL  Work/Standup notes.md · 30 words                               F1 help 