╭─ Tasks · 3 open ───────────────────────────────────────────────────╮
│ O V E R D U E                                                      │
│ ☐ write report                                   @09-20  Work/Todo │
│                                                                    │
│ Work / Standup notes                                           1/2 │
│ ☐ follow up with #design                                           │
│                                                                    │
│ Work / Todo                                                    1/3 │
│ ☐ buy milk                                                         │
│                                                                    │
│                                                                    │
│                                                                    │
│                                                                    │
│                                                                    │
│                                                                    │
│                                                                    │
│                                                                    │
│                                                                    │
│                                                                    │
│                                                                    │
│                                                                    │
│                                                                    │
╰────────────────────────────────────────────────────────────────────╯
 NORMAL                                                       F1 help 