╭─ ◆ Notty ────────────────╮╭─ Tasks · 3 open ─────────────────────────────────────────────────────────────────────────╮
│  P I N N E D             ││ O V E R D U E                                                                            │
│  ★ Standup notes         ││ ☐ write report                                                         @09-20  Work/Todo │
│                          ││                                                                                          │
│  N O T E S               ││ Work / Standup notes                                                                 1/2 │
│  ▸ Personal              ││ ☐ follow up with #design                                                                 │
│  ▾ Work                  ││                                                                                          │
│    • Standup notes       ││ Work / Todo                                                                          1/3 │
│    • Todo                ││ ☐ buy milk                                                                               │
│  • ideas                 ││                                                                                          │
│                          ││                                                                                          │
│  T A G S                 ││                                                                                          │
│   #design 1   #life 1    ││                                                                                          │
│   #todo 1                ││                                                                                          │
│                          ││                                                                                          │
│  ☐ Tasks (3)             ││                                                                                          │
│  ⌫ Trash (0)             ││                                                                                          │
│                          ││                                                                                          │
│                          ││                                                                                          │
│                          ││                                                                                          │
│                          ││                                                                                          │
│                          ││                                                                                          │
│                          ││                                                                                          │
│                          ││                                                                                          │
│                          ││                                                                                          │
│                          ││                                                                                          │
│                          ││                                                                                          │
│                          ││                                                                                          │
│                          ││                                                                                          │
│                          ││                                                                                          │
│                          ││                                                                                          │
│                          ││                                                                                          │
│                          ││                                                                                          │
│                          ││                                                                                          │
│                          ││                                                                                          │
│                          ││                                                                                          │
│                          ││                                                                                          │
│                          ││                                                                                          │
╰──────────────────────────╯╰──────────────────────────────────────────────────────────────────────────────────────────╯
 NORMAL                                                                                                         F1 help 