╭─ Trash · 1 item ───────────────────────────────────────────────────╮
│ ideas.md                  │                                        │
│ /  2d ago · laptop        │ Ideas                                  │
│                           │                                        │
│                           │A note app in the terminal.             │
│                           │                                        │
│                           │                                        │
│                           │                                        │
│                           │                                        │
│                           │                                        │
│                           │                                        │
│                           │                                        │
│                           │                                        │
│                           │                                        │
│                           │                                        │
│                           │                                        │
│                           │                                        │
│                           │                                        │
│                           │                                        │
│                           │                                        │
│                           │                                        │
│                           │                                        │
╰────────────────────────────────────────────────────────────────────╯
 NORMAL                                                       F1 help 