╭─ ◆ Notty ────────────────╮╭─ Trash · 1 item ─────────────────────────────────────────────────────────────────────────╮
│  PINNED                  ││ ideas.md                           │                                                     │
│  ★ Standup notes         ││ /  2d ago · laptop                 │ Ideas                                               │
│                          ││                                    │                                                     │
│  NOTES                   ││                                    │A note app in the terminal.                          │
│  ▸ Personal              ││                                    │                                                     │
│  ▾ Work                  ││                                    │                                                     │
│    • Standup notes       ││                                    │                                                     │
│                          ││                                    │                                                     │
│  TAGS                    ││                                    │                                                     │
│   #design 1   #life 1    ││                                    │                                                     │
│   #todo 1                ││                                    │                                                     │
│                          ││                                    │                                                     │
│  ☐ Tasks (1)             ││                                    │                                                     │
│  ⌫ Trash (1)             ││                                    │                                                     │
│                          ││                                    │                                                     │
│                          ││                                    │                                                     │
│                          ││                                    │                                                     │
│                          ││                                    │                                                     │
│                          ││                                    │                                                     │
│                          ││                                    │                                                     │
│                          ││                                    │                                                     │
│                          ││                                    │                                                     │
│                          ││                                    │                                                     │
│                          ││                                    │                                                     │
│                          ││                                    │                                                     │
│                          ││                                    │                                                     │
│                          ││                                    │                                                     │
│                          ││                                    │                                                     │
│                          ││                                    │                                                     │
│                          ││                                    │                                                     │
│                          ││                                    │                                                     │
│                          ││                                    │                                                     │
│                          ││                                    │                                                     │
│                          ││                                    │                                                     │
│                          ││                                    │                                                     │
│                          ││                                    │                                                     │
│                          ││                                    │                                                     │
╰──────────────────────────╯╰──────────────────────────────────────────────────────────────────────────────────────────╯
 NORMAL                                                                                                         F1 help 