╭─ ◆ Notty ────────────────╮╭─ Trash · 1 item ─────────────────────────────────────────────────────────────────────────╮
│  P I N N E D             ││ ideas.md                           │                                                     │
│  ★ Standup notes         ││ /  2d ago · laptop                 │  Ideas                                              │
│                          ││                                    │                                                     │
│  N O T E S               ││                                    │ A note app in the terminal.                         │
│  ▸ Personal              ││                                    │                                                     │
│  ▾ Work                  ││                                    │                                                     │
│    • Standup notes       ││                                    │                                                     │
│                          ││                                    │                                                     │
│  T A G S                 ││                                    │                                                     │
│   #design 1   #life 1    ││                                    │                                                     │
│   #todo 1                ││                                    │                                                     │
│                          ││                                    │                                                     │
│  ☐ Tasks (1)             ││                                    │                                                     │
│  ⌫ Trash (1)             ││                                    │                                                     │
│                          ││                                    │                                                     │
│                          ││                                    │                                                     │
│                          ││                                    │                                                     │
│                          ││                                    │                                                     │
│                          ││                                    │                                                     │
│                          ││                                    │                                                     │
│                          ││                                    │                                                     │
│                          ││                                    │                                                     │
│                          ││                                    │                                                     │
│                          ││                                    │                                                     │
│                          ││                                    │                                                     │
│                          ││                                    │                                                     │
│                          ││                                    │                                                     │
│                          ││                                    │                                                     │
│                          ││                                    │                                                     │
│                          ││                                    │                                                     │
│                          ││                                    │                                                     │
│                          ││                                    │                                                     │
│                          ││                                    │                                                     │
│                          ││                                    │                                                     │
│                          ││                                    │                                                     │
│                          ││                                    │                                                     │
│                          ││                                    │                                                     │
╰──────────────────────────╯╰──────────────────────────────────────────────────────────────────────────────────────────╯
 NORMAL                                                                                                         F1 help 