                                                                                                                        
                                                                                                                        
                                                                                                                        
                                                                                                                        
                                                                                                                        
                                                                                                                        
                                                                                                                        
                                                                                                                        
                                                                                                                        
                                                                                                                        
                                                                                                                        
                                                                                                                        
                        ╭──────────────────────────────────────────────────────────────────────╮                        
                        │                                                                      │                        
                        │   Welcome to Notty                                                   │                        
                        │   1 Vault · 2 Sync · 3 Theme                                         │                        
                        │                                                                      │                        
                        │   How should your notes sync?                                        │                        
                        │                                                                      │                        
                        │     Create a private GitHub repo                                     │                        
                        │       install and log in to gh to enable                             │                        
                        │   ❯ Use an existing repo URL                                         │                        
                        │     Local only (set up sync later)                                   │                        
                        │                                                                      │                        
                        │   ↑/↓ choose · enter select · esc back                               │                        
                        │                                                                      │                        
                        ╰──────────────────────────────────────────────────────────────────────╯                        
                                                                                                                        
                                                                                                                        
                                                                                                                        
                                                                                                                        
                                                                                                                        
                                                                                                                        
                                                                                                                        
                                                                                                                        
                                                                                                                        
                                                                                                                        
                                                                                                                        
                                                                                                                        
                                                                                                                        