                                                                      
                                                                      
                                                                      
                                                                      
                                                                      
╭────────────────────────────────────────────────────────────────────╮
│                                                                    │
│   Welcome to Notty                                                 │
│   1 Vault · 2 Sync · 3 Theme                                       │
│                                                                    │
│   Where should your notes live?                                    │
│                                                                    │
│   › /home/me/Notes                                                 │
│     New folder — a new vault will be created                       │
│                                                                    │
│   enter continue · esc quit                                        │
│                                                                    │
╰────────────────────────────────────────────────────────────────────╯
                                                                      
                                                                      
                                                                      
                                                                      
                                                                      
                                                                      